// Jest Snapshot v1, https://goo.gl/fbAQLP

exports[`Is the App rendering without crashing 1`] = `
<h2>
  Fetching data...
</h2>
`;
